[2024-03-17T18:30:02.935+0000][0.083s] Using G1
[2024-03-17T18:30:02.966+0000][0.113s] Version: 17.0.10+7 (release)
[2024-03-17T18:30:02.966+0000][0.114s] CPUs: 16 total, 16 available
[2024-03-17T18:30:02.966+0000][0.114s] Memory: 15564M
[2024-03-17T18:30:02.966+0000][0.114s] Large Page Support: Disabled
[2024-03-17T18:30:02.966+0000][0.114s] NUMA Support: Disabled
[2024-03-17T18:30:02.966+0000][0.114s] Compressed Oops: Enabled (32-bit)
[2024-03-17T18:30:02.966+0000][0.114s] Heap Region Size: 1M
[2024-03-17T18:30:02.967+0000][0.114s] Heap Min Capacity: 512M
[2024-03-17T18:30:02.967+0000][0.114s] Heap Initial Capacity: 512M
[2024-03-17T18:30:02.967+0000][0.115s] Heap Max Capacity: 512M
[2024-03-17T18:30:02.967+0000][0.115s] Pre-touch: Enabled
[2024-03-17T18:30:02.967+0000][0.115s] Parallel Workers: 13
[2024-03-17T18:30:02.967+0000][0.115s] Concurrent Workers: 3
[2024-03-17T18:30:02.967+0000][0.115s] Concurrent Refinement Workers: 13
[2024-03-17T18:30:02.968+0000][0.115s] Periodic GC: Disabled
[2024-03-17T18:30:02.972+0000][0.120s] CDS archive(s) mapped at: [0x00007fb833000000-0x00007fb833a5f000-0x00007fb833a5f000), size 10874880, SharedBaseAddress: 0x00007fb833000000, ArchiveRelocationMode: 1.
[2024-03-17T18:30:02.972+0000][0.120s] Compressed class space mapped at: 0x00007fb834000000-0x00007fb874000000, reserved size: 1073741824
[2024-03-17T18:30:02.972+0000][0.120s] Narrow klass base: 0x00007fb833000000, Narrow klass shift: 0, Narrow klass range: 0x100000000
[2024-03-17T18:30:03.862+0000][1.009s] GC(0) Pause Young (Normal) (G1 Evacuation Pause)
[2024-03-17T18:30:03.862+0000][1.010s] GC(0) Using 12 workers of 13 for evacuation
[2024-03-17T18:30:03.873+0000][1.020s] GC(0)   Pre Evacuate Collection Set: 0.1ms
[2024-03-17T18:30:03.873+0000][1.021s] GC(0)   Merge Heap Roots: 0.0ms
[2024-03-17T18:30:03.873+0000][1.021s] GC(0)   Evacuate Collection Set: 9.8ms
[2024-03-17T18:30:03.873+0000][1.021s] GC(0)   Post Evacuate Collection Set: 0.6ms
[2024-03-17T18:30:03.873+0000][1.021s] GC(0)   Other: 0.5ms
[2024-03-17T18:30:03.873+0000][1.021s] GC(0) Eden regions: 29->0(57)
[2024-03-17T18:30:03.874+0000][1.021s] GC(0) Survivor regions: 0->4(4)
[2024-03-17T18:30:03.874+0000][1.021s] GC(0) Old regions: 0->1
[2024-03-17T18:30:03.874+0000][1.022s] GC(0) Archive regions: 2->2
[2024-03-17T18:30:03.874+0000][1.022s] GC(0) Humongous regions: 0->0
[2024-03-17T18:30:03.874+0000][1.022s] GC(0) Metaspace: 10110K(10368K)->10110K(10368K) NonClass: 8858K(8960K)->8858K(8960K) Class: 1251K(1408K)->1251K(1408K)
[2024-03-17T18:30:03.874+0000][1.022s] GC(0) Pause Young (Normal) (G1 Evacuation Pause) 29M->5M(512M) 12.433ms
[2024-03-17T18:30:03.874+0000][1.022s] GC(0) User=0.01s Sys=0.01s Real=0.02s
[2024-03-17T18:30:04.652+0000][1.800s] GC(1) Pause Young (Normal) (G1 Evacuation Pause)
[2024-03-17T18:30:04.657+0000][1.805s] GC(1) Using 13 workers of 13 for evacuation
[2024-03-17T18:30:04.668+0000][1.816s] GC(1)   Pre Evacuate Collection Set: 0.3ms
[2024-03-17T18:30:04.669+0000][1.817s] GC(1)   Merge Heap Roots: 0.1ms
[2024-03-17T18:30:04.669+0000][1.817s] GC(1)   Evacuate Collection Set: 8.8ms
[2024-03-17T18:30:04.669+0000][1.817s] GC(1)   Post Evacuate Collection Set: 1.3ms
[2024-03-17T18:30:04.670+0000][1.817s] GC(1)   Other: 6.3ms
[2024-03-17T18:30:04.670+0000][1.817s] GC(1) Eden regions: 57->0(66)
[2024-03-17T18:30:04.670+0000][1.818s] GC(1) Survivor regions: 4->8(8)
[2024-03-17T18:30:04.670+0000][1.818s] GC(1) Old regions: 1->10
[2024-03-17T18:30:04.670+0000][1.818s] GC(1) Archive regions: 2->2
[2024-03-17T18:30:04.670+0000][1.818s] GC(1) Humongous regions: 4->4
[2024-03-17T18:30:04.670+0000][1.818s] GC(1) Metaspace: 18081K(18368K)->18081K(18368K) NonClass: 15864K(16064K)->15864K(16064K) Class: 2217K(2304K)->2217K(2304K)
[2024-03-17T18:30:04.670+0000][1.818s] GC(1) Pause Young (Normal) (G1 Evacuation Pause) 66M->22M(512M) 18.644ms
[2024-03-17T18:30:04.671+0000][1.818s] GC(1) User=0.04s Sys=0.00s Real=0.02s
[2024-03-17T18:30:05.224+0000][2.372s] GC(2) Pause Young (Concurrent Start) (Metadata GC Threshold)
[2024-03-17T18:30:05.227+0000][2.375s] GC(2) Using 13 workers of 13 for evacuation
[2024-03-17T18:30:05.238+0000][2.386s] GC(2)   Pre Evacuate Collection Set: 0.2ms
[2024-03-17T18:30:05.238+0000][2.386s] GC(2)   Merge Heap Roots: 0.1ms
[2024-03-17T18:30:05.238+0000][2.386s] GC(2)   Evacuate Collection Set: 8.9ms
[2024-03-17T18:30:05.238+0000][2.386s] GC(2)   Post Evacuate Collection Set: 1.3ms
[2024-03-17T18:30:05.238+0000][2.386s] GC(2)   Other: 3.4ms
[2024-03-17T18:30:05.239+0000][2.386s] GC(2) Eden regions: 27->0(75)
[2024-03-17T18:30:05.239+0000][2.386s] GC(2) Survivor regions: 8->6(10)
[2024-03-17T18:30:05.239+0000][2.386s] GC(2) Old regions: 10->14
[2024-03-17T18:30:05.239+0000][2.387s] GC(2) Archive regions: 2->2
[2024-03-17T18:30:05.239+0000][2.387s] GC(2) Humongous regions: 4->4
[2024-03-17T18:30:05.239+0000][2.387s] GC(2) Metaspace: 21194K(21504K)->21194K(21504K) NonClass: 18591K(18752K)->18591K(18752K) Class: 2602K(2752K)->2602K(2752K)
[2024-03-17T18:30:05.239+0000][2.387s] GC(2) Pause Young (Concurrent Start) (Metadata GC Threshold) 48M->23M(512M) 15.279ms
[2024-03-17T18:30:05.239+0000][2.387s] GC(2) User=0.03s Sys=0.00s Real=0.01s
[2024-03-17T18:30:05.240+0000][2.388s] GC(3) Concurrent Mark Cycle
[2024-03-17T18:30:05.240+0000][2.388s] GC(3) Concurrent Clear Claimed Marks
[2024-03-17T18:30:05.246+0000][2.394s] GC(3) Concurrent Clear Claimed Marks 5.584ms
[2024-03-17T18:30:05.248+0000][2.396s] GC(3) Concurrent Scan Root Regions
[2024-03-17T18:30:05.266+0000][2.414s] GC(3) Concurrent Scan Root Regions 17.853ms
[2024-03-17T18:30:05.272+0000][2.420s] GC(3) Concurrent Mark
[2024-03-17T18:30:05.282+0000][2.430s] GC(3) Concurrent Mark From Roots
[2024-03-17T18:30:05.285+0000][2.433s] GC(3) Using 3 workers of 3 for marking
[2024-03-17T18:30:05.296+0000][2.443s] GC(3) Concurrent Mark From Roots 13.480ms
[2024-03-17T18:30:05.302+0000][2.450s] GC(3) Concurrent Preclean
[2024-03-17T18:30:05.312+0000][2.460s] GC(3) Concurrent Preclean 10.069ms
[2024-03-17T18:30:05.322+0000][2.470s] GC(3) Pause Remark
[2024-03-17T18:30:05.327+0000][2.474s] GC(3) Pause Remark 28M->28M(512M) 4.330ms
[2024-03-17T18:30:05.327+0000][2.475s] GC(3) User=0.01s Sys=0.00s Real=0.00s
[2024-03-17T18:30:05.332+0000][2.480s] GC(3) Concurrent Mark 59.994ms
[2024-03-17T18:30:05.336+0000][2.484s] GC(3) Concurrent Rebuild Remembered Sets
[2024-03-17T18:30:05.344+0000][2.491s] GC(3) Concurrent Rebuild Remembered Sets 7.029ms
[2024-03-17T18:30:05.346+0000][2.494s] GC(3) Pause Cleanup
[2024-03-17T18:30:05.347+0000][2.494s] GC(3) Pause Cleanup 28M->28M(512M) 0.598ms
[2024-03-17T18:30:05.347+0000][2.495s] GC(3) User=0.01s Sys=0.00s Real=0.00s
[2024-03-17T18:30:05.351+0000][2.499s] GC(3) Concurrent Cleanup for Next Mark
[2024-03-17T18:30:05.352+0000][2.499s] GC(3) Concurrent Cleanup for Next Mark 0.683ms
[2024-03-17T18:30:05.352+0000][2.500s] GC(3) Concurrent Mark Cycle 111.818ms
[2024-03-17T18:30:06.918+0000][4.066s] GC(4) Pause Young (Concurrent Start) (G1 Evacuation Pause)
[2024-03-17T18:30:06.918+0000][4.066s] GC(4) Using 13 workers of 13 for evacuation
[2024-03-17T18:30:06.926+0000][4.073s] GC(4)   Pre Evacuate Collection Set: 0.1ms
[2024-03-17T18:30:06.926+0000][4.074s] GC(4)   Merge Heap Roots: 0.1ms
[2024-03-17T18:30:06.926+0000][4.074s] GC(4)   Evacuate Collection Set: 6.0ms
[2024-03-17T18:30:06.926+0000][4.074s] GC(4)   Post Evacuate Collection Set: 0.9ms
[2024-03-17T18:30:06.926+0000][4.074s] GC(4)   Other: 0.6ms
[2024-03-17T18:30:06.926+0000][4.074s] GC(4) Eden regions: 78->0(296)
[2024-03-17T18:30:06.926+0000][4.074s] GC(4) Survivor regions: 6->11(11)
[2024-03-17T18:30:06.926+0000][4.074s] GC(4) Old regions: 14->14
[2024-03-17T18:30:06.927+0000][4.074s] GC(4) Archive regions: 2->2
[2024-03-17T18:30:06.927+0000][4.074s] GC(4) Humongous regions: 4->4
[2024-03-17T18:30:06.927+0000][4.075s] GC(4) Metaspace: 33675K(33984K)->33675K(33984K) NonClass: 29486K(29632K)->29486K(29632K) Class: 4189K(4352K)->4189K(4352K)
[2024-03-17T18:30:06.927+0000][4.075s] GC(4) Pause Young (Concurrent Start) (G1 Evacuation Pause) 101M->28M(512M) 9.062ms
[2024-03-17T18:30:06.927+0000][4.075s] GC(4) User=0.04s Sys=0.00s Real=0.01s
[2024-03-17T18:30:06.927+0000][4.075s] GC(5) Concurrent Mark Cycle
[2024-03-17T18:30:06.927+0000][4.075s] GC(5) Concurrent Clear Claimed Marks
[2024-03-17T18:30:06.927+0000][4.075s] GC(5) Concurrent Clear Claimed Marks 0.142ms
[2024-03-17T18:30:06.928+0000][4.075s] GC(5) Concurrent Scan Root Regions
[2024-03-17T18:30:06.931+0000][4.079s] GC(5) Concurrent Scan Root Regions 3.237ms
[2024-03-17T18:30:06.931+0000][4.079s] GC(5) Concurrent Mark
[2024-03-17T18:30:06.931+0000][4.079s] GC(5) Concurrent Mark From Roots
[2024-03-17T18:30:06.931+0000][4.079s] GC(5) Using 3 workers of 3 for marking
[2024-03-17T18:30:06.939+0000][4.087s] GC(5) Concurrent Mark From Roots 7.843ms
[2024-03-17T18:30:06.939+0000][4.087s] GC(5) Concurrent Preclean
[2024-03-17T18:30:06.939+0000][4.087s] GC(5) Concurrent Preclean 0.172ms
[2024-03-17T18:30:06.940+0000][4.087s] GC(5) Pause Remark
[2024-03-17T18:30:06.948+0000][4.096s] GC(5) Pause Remark 29M->29M(512M) 8.605ms
[2024-03-17T18:30:06.949+0000][4.096s] GC(5) User=0.02s Sys=0.00s Real=0.01s
[2024-03-17T18:30:06.949+0000][4.097s] GC(5) Concurrent Mark 17.724ms
[2024-03-17T18:30:06.949+0000][4.097s] GC(5) Concurrent Rebuild Remembered Sets
[2024-03-17T18:30:06.952+0000][4.100s] GC(5) Concurrent Rebuild Remembered Sets 2.886ms
[2024-03-17T18:30:06.957+0000][4.104s] GC(5) Pause Cleanup
[2024-03-17T18:30:06.957+0000][4.105s] GC(5) Pause Cleanup 29M->29M(512M) 0.363ms
[2024-03-17T18:30:06.957+0000][4.105s] GC(5) User=0.00s Sys=0.00s Real=0.00s
[2024-03-17T18:30:06.960+0000][4.108s] GC(5) Concurrent Cleanup for Next Mark
[2024-03-17T18:30:06.961+0000][4.108s] GC(5) Concurrent Cleanup for Next Mark 0.609ms
[2024-03-17T18:30:06.961+0000][4.109s] GC(5) Concurrent Mark Cycle 33.591ms
[2024-03-17T18:36:58.876+0000][416.024s] Heap
[2024-03-17T18:36:58.876+0000][416.024s]  garbage-first heap   total 524288K, used 208076K [0x00000000e0000000, 0x0000000100000000)
[2024-03-17T18:36:58.876+0000][416.024s]   region size 1024K, 186 young (190464K), 11 survivors (11264K)
[2024-03-17T18:36:58.876+0000][416.024s]  Metaspace       used 51542K, committed 52032K, reserved 1114112K
[2024-03-17T18:36:58.876+0000][416.024s]   class space    used 6625K, committed 6912K, reserved 1048576K
