[2024-03-17T18:10:38.388+0000][0.006s] Using G1
[2024-03-17T18:10:38.425+0000][0.043s] Version: 17.0.10+7 (release)
[2024-03-17T18:10:38.425+0000][0.043s] CPUs: 16 total, 16 available
[2024-03-17T18:10:38.425+0000][0.044s] Memory: 15564M
[2024-03-17T18:10:38.425+0000][0.044s] Large Page Support: Disabled
[2024-03-17T18:10:38.425+0000][0.044s] NUMA Support: Disabled
[2024-03-17T18:10:38.425+0000][0.044s] Compressed Oops: Enabled (32-bit)
[2024-03-17T18:10:38.426+0000][0.044s] Heap Region Size: 1M
[2024-03-17T18:10:38.426+0000][0.044s] Heap Min Capacity: 512M
[2024-03-17T18:10:38.426+0000][0.044s] Heap Initial Capacity: 512M
[2024-03-17T18:10:38.426+0000][0.045s] Heap Max Capacity: 512M
[2024-03-17T18:10:38.426+0000][0.045s] Pre-touch: Enabled
[2024-03-17T18:10:38.426+0000][0.045s] Parallel Workers: 13
[2024-03-17T18:10:38.426+0000][0.045s] Concurrent Workers: 3
[2024-03-17T18:10:38.427+0000][0.045s] Concurrent Refinement Workers: 13
[2024-03-17T18:10:38.427+0000][0.045s] Periodic GC: Disabled
[2024-03-17T18:10:38.431+0000][0.050s] CDS archive(s) mapped at: [0x00007f20a3000000-0x00007f20a3a5f000-0x00007f20a3a5f000), size 10874880, SharedBaseAddress: 0x00007f20a3000000, ArchiveRelocationMode: 1.
[2024-03-17T18:10:38.431+0000][0.050s] Compressed class space mapped at: 0x00007f20a4000000-0x00007f20e4000000, reserved size: 1073741824
[2024-03-17T18:10:38.432+0000][0.050s] Narrow klass base: 0x00007f20a3000000, Narrow klass shift: 0, Narrow klass range: 0x100000000
[2024-03-17T18:10:39.713+0000][1.332s] GC(0) Pause Young (Normal) (G1 Evacuation Pause)
[2024-03-17T18:10:39.713+0000][1.332s] GC(0) Using 12 workers of 13 for evacuation
[2024-03-17T18:10:39.716+0000][1.335s] GC(0)   Pre Evacuate Collection Set: 0.1ms
[2024-03-17T18:10:39.716+0000][1.335s] GC(0)   Merge Heap Roots: 0.1ms
[2024-03-17T18:10:39.716+0000][1.335s] GC(0)   Evacuate Collection Set: 1.7ms
[2024-03-17T18:10:39.717+0000][1.335s] GC(0)   Post Evacuate Collection Set: 0.6ms
[2024-03-17T18:10:39.717+0000][1.335s] GC(0)   Other: 0.5ms
[2024-03-17T18:10:39.717+0000][1.335s] GC(0) Eden regions: 29->0(57)
[2024-03-17T18:10:39.717+0000][1.336s] GC(0) Survivor regions: 0->4(4)
[2024-03-17T18:10:39.717+0000][1.336s] GC(0) Old regions: 0->1
[2024-03-17T18:10:39.717+0000][1.336s] GC(0) Archive regions: 2->2
[2024-03-17T18:10:39.717+0000][1.336s] GC(0) Humongous regions: 0->0
[2024-03-17T18:10:39.717+0000][1.336s] GC(0) Metaspace: 10016K(10304K)->10016K(10304K) NonClass: 8780K(8896K)->8780K(8896K) Class: 1236K(1408K)->1236K(1408K)
[2024-03-17T18:10:39.718+0000][1.336s] GC(0) Pause Young (Normal) (G1 Evacuation Pause) 29M->5M(512M) 4.449ms
[2024-03-17T18:10:39.718+0000][1.336s] GC(0) User=0.01s Sys=0.00s Real=0.00s
[2024-03-17T18:10:40.901+0000][2.520s] GC(1) Pause Young (Normal) (G1 Evacuation Pause)
[2024-03-17T18:10:40.901+0000][2.520s] GC(1) Using 13 workers of 13 for evacuation
[2024-03-17T18:10:40.908+0000][2.527s] GC(1)   Pre Evacuate Collection Set: 0.3ms
[2024-03-17T18:10:40.909+0000][2.527s] GC(1)   Merge Heap Roots: 0.1ms
[2024-03-17T18:10:40.909+0000][2.528s] GC(1)   Evacuate Collection Set: 5.2ms
[2024-03-17T18:10:40.909+0000][2.528s] GC(1)   Post Evacuate Collection Set: 1.2ms
[2024-03-17T18:10:40.909+0000][2.528s] GC(1)   Other: 0.6ms
[2024-03-17T18:10:40.909+0000][2.528s] GC(1) Eden regions: 57->0(181)
[2024-03-17T18:10:40.909+0000][2.528s] GC(1) Survivor regions: 4->8(8)
[2024-03-17T18:10:40.909+0000][2.528s] GC(1) Old regions: 1->10
[2024-03-17T18:10:40.910+0000][2.528s] GC(1) Archive regions: 2->2
[2024-03-17T18:10:40.910+0000][2.528s] GC(1) Humongous regions: 4->4
[2024-03-17T18:10:40.910+0000][2.528s] GC(1) Metaspace: 18111K(18368K)->18111K(18368K) NonClass: 15903K(16064K)->15903K(16064K) Class: 2207K(2304K)->2207K(2304K)
[2024-03-17T18:10:40.910+0000][2.529s] GC(1) Pause Young (Normal) (G1 Evacuation Pause) 66M->21M(512M) 8.804ms
[2024-03-17T18:10:40.910+0000][2.529s] GC(1) User=0.03s Sys=0.00s Real=0.01s
[2024-03-17T18:10:41.565+0000][3.184s] GC(2) Pause Young (Concurrent Start) (Metadata GC Threshold)
[2024-03-17T18:10:41.566+0000][3.185s] GC(2) Using 13 workers of 13 for evacuation
[2024-03-17T18:10:41.583+0000][3.202s] GC(2)   Pre Evacuate Collection Set: 0.3ms
[2024-03-17T18:10:41.584+0000][3.202s] GC(2)   Merge Heap Roots: 0.1ms
[2024-03-17T18:10:41.584+0000][3.203s] GC(2)   Evacuate Collection Set: 15.8ms
[2024-03-17T18:10:41.584+0000][3.203s] GC(2)   Post Evacuate Collection Set: 0.8ms
[2024-03-17T18:10:41.585+0000][3.203s] GC(2)   Other: 1.3ms
[2024-03-17T18:10:41.586+0000][3.204s] GC(2) Eden regions: 27->0(297)
[2024-03-17T18:10:41.587+0000][3.205s] GC(2) Survivor regions: 8->10(21)
[2024-03-17T18:10:41.588+0000][3.207s] GC(2) Old regions: 10->10
[2024-03-17T18:10:41.590+0000][3.209s] GC(2) Archive regions: 2->2
[2024-03-17T18:10:41.591+0000][3.210s] GC(2) Humongous regions: 4->4
[2024-03-17T18:10:41.591+0000][3.210s] GC(2) Metaspace: 21222K(21504K)->21222K(21504K) NonClass: 18629K(18752K)->18629K(18752K) Class: 2592K(2752K)->2592K(2752K)
[2024-03-17T18:10:41.593+0000][3.212s] GC(2) Pause Young (Concurrent Start) (Metadata GC Threshold) 48M->23M(512M) 27.926ms
[2024-03-17T18:10:41.594+0000][3.212s] GC(2) User=0.03s Sys=0.00s Real=0.03s
[2024-03-17T18:10:41.594+0000][3.213s] GC(3) Concurrent Mark Cycle
[2024-03-17T18:10:41.594+0000][3.213s] GC(3) Concurrent Clear Claimed Marks
[2024-03-17T18:10:41.595+0000][3.214s] GC(3) Concurrent Clear Claimed Marks 1.004ms
[2024-03-17T18:10:41.597+0000][3.215s] GC(3) Concurrent Scan Root Regions
[2024-03-17T18:10:41.603+0000][3.222s] GC(3) Concurrent Scan Root Regions 6.604ms
[2024-03-17T18:10:41.605+0000][3.224s] GC(3) Concurrent Mark
[2024-03-17T18:10:41.605+0000][3.224s] GC(3) Concurrent Mark From Roots
[2024-03-17T18:10:41.605+0000][3.224s] GC(3) Using 3 workers of 3 for marking
[2024-03-17T18:10:41.614+0000][3.233s] GC(3) Concurrent Mark From Roots 9.202ms
[2024-03-17T18:10:41.615+0000][3.233s] GC(3) Concurrent Preclean
[2024-03-17T18:10:41.615+0000][3.233s] GC(3) Concurrent Preclean 0.212ms
[2024-03-17T18:10:41.617+0000][3.235s] GC(3) Pause Remark
[2024-03-17T18:10:41.624+0000][3.242s] GC(3) Pause Remark 23M->23M(512M) 7.215ms
[2024-03-17T18:10:41.625+0000][3.244s] GC(3) User=0.02s Sys=0.00s Real=0.01s
[2024-03-17T18:10:41.625+0000][3.244s] GC(3) Concurrent Mark 20.266ms
[2024-03-17T18:10:41.625+0000][3.244s] GC(3) Concurrent Rebuild Remembered Sets
[2024-03-17T18:10:41.628+0000][3.247s] GC(3) Concurrent Rebuild Remembered Sets 2.832ms
[2024-03-17T18:10:41.628+0000][3.247s] GC(3) Pause Cleanup
[2024-03-17T18:10:41.629+0000][3.247s] GC(3) Pause Cleanup 23M->23M(512M) 0.201ms
[2024-03-17T18:10:41.629+0000][3.247s] GC(3) User=0.01s Sys=0.00s Real=0.00s
[2024-03-17T18:10:41.629+0000][3.248s] GC(3) Concurrent Cleanup for Next Mark
[2024-03-17T18:10:41.632+0000][3.250s] GC(3) Concurrent Cleanup for Next Mark 2.870ms
[2024-03-17T18:10:41.633+0000][3.252s] GC(3) Concurrent Mark Cycle 39.421ms
[2024-03-17T18:10:43.194+0000][4.812s] GC(4) Pause Young (Concurrent Start) (GCLocker Initiated GC)
[2024-03-17T18:10:43.194+0000][4.813s] GC(4) Using 13 workers of 13 for evacuation
[2024-03-17T18:10:43.198+0000][4.817s] GC(4)   Pre Evacuate Collection Set: 0.2ms
[2024-03-17T18:10:43.199+0000][4.817s] GC(4)   Merge Heap Roots: 0.2ms
[2024-03-17T18:10:43.199+0000][4.817s] GC(4)   Evacuate Collection Set: 2.7ms
[2024-03-17T18:10:43.199+0000][4.817s] GC(4)   Post Evacuate Collection Set: 1.3ms
[2024-03-17T18:10:43.199+0000][4.818s] GC(4)   Other: 0.3ms
[2024-03-17T18:10:43.199+0000][4.818s] GC(4) Eden regions: 88->0(291)
[2024-03-17T18:10:43.199+0000][4.818s] GC(4) Survivor regions: 10->16(39)
[2024-03-17T18:10:43.199+0000][4.818s] GC(4) Old regions: 10->10
[2024-03-17T18:10:43.199+0000][4.818s] GC(4) Archive regions: 2->2
[2024-03-17T18:10:43.199+0000][4.818s] GC(4) Humongous regions: 4->4
[2024-03-17T18:10:43.199+0000][4.818s] GC(4) Metaspace: 35711K(36160K)->35711K(36160K) NonClass: 31267K(31488K)->31267K(31488K) Class: 4444K(4672K)->4444K(4672K)
[2024-03-17T18:10:43.200+0000][4.818s] GC(4) Pause Young (Concurrent Start) (GCLocker Initiated GC) 110M->29M(512M) 5.730ms
[2024-03-17T18:10:43.200+0000][4.818s] GC(4) User=0.03s Sys=0.00s Real=0.00s
[2024-03-17T18:10:43.200+0000][4.818s] GC(5) Concurrent Mark Cycle
[2024-03-17T18:10:43.200+0000][4.819s] GC(5) Concurrent Clear Claimed Marks
[2024-03-17T18:10:43.200+0000][4.819s] GC(5) Concurrent Clear Claimed Marks 0.130ms
[2024-03-17T18:10:43.200+0000][4.819s] GC(5) Concurrent Scan Root Regions
[2024-03-17T18:10:43.202+0000][4.821s] GC(5) Concurrent Scan Root Regions 1.729ms
[2024-03-17T18:10:43.202+0000][4.821s] GC(5) Concurrent Mark
[2024-03-17T18:10:43.202+0000][4.821s] GC(5) Concurrent Mark From Roots
[2024-03-17T18:10:43.202+0000][4.821s] GC(5) Using 3 workers of 3 for marking
[2024-03-17T18:10:43.206+0000][4.825s] GC(5) Concurrent Mark From Roots 4.339ms
[2024-03-17T18:10:43.207+0000][4.825s] GC(5) Concurrent Preclean
[2024-03-17T18:10:43.207+0000][4.825s] GC(5) Concurrent Preclean 0.169ms
[2024-03-17T18:10:43.207+0000][4.826s] GC(5) Pause Remark
[2024-03-17T18:10:43.209+0000][4.827s] GC(5) Pause Remark 30M->30M(512M) 1.680ms
[2024-03-17T18:10:43.209+0000][4.827s] GC(5) User=0.01s Sys=0.00s Real=0.00s
[2024-03-17T18:10:43.209+0000][4.828s] GC(5) Concurrent Mark 6.843ms
[2024-03-17T18:10:43.209+0000][4.828s] GC(5) Concurrent Rebuild Remembered Sets
[2024-03-17T18:10:43.211+0000][4.829s] GC(5) Concurrent Rebuild Remembered Sets 1.641ms
[2024-03-17T18:10:43.211+0000][4.829s] GC(5) Pause Cleanup
[2024-03-17T18:10:43.211+0000][4.830s] GC(5) Pause Cleanup 31M->31M(512M) 0.264ms
[2024-03-17T18:10:43.211+0000][4.830s] GC(5) User=0.01s Sys=0.00s Real=0.00s
[2024-03-17T18:10:43.211+0000][4.830s] GC(5) Concurrent Cleanup for Next Mark
[2024-03-17T18:10:43.212+0000][4.830s] GC(5) Concurrent Cleanup for Next Mark 0.427ms
[2024-03-17T18:10:43.212+0000][4.831s] GC(5) Concurrent Mark Cycle 12.064ms
[2024-03-17T18:13:38.685+0000][180.304s] Heap
[2024-03-17T18:13:38.685+0000][180.304s]  garbage-first heap   total 524288K, used 193584K [0x00000000e0000000, 0x0000000100000000)
[2024-03-17T18:13:38.685+0000][180.304s]   region size 1024K, 176 young (180224K), 16 survivors (16384K)
[2024-03-17T18:13:38.685+0000][180.304s]  Metaspace       used 51636K, committed 52096K, reserved 1114112K
[2024-03-17T18:13:38.685+0000][180.304s]   class space    used 6617K, committed 6848K, reserved 1048576K
