[2024-03-17T18:24:58.724+0000][0.013s] Using G1
[2024-03-17T18:24:58.757+0000][0.046s] Version: 17.0.10+7 (release)
[2024-03-17T18:24:58.757+0000][0.046s] CPUs: 16 total, 16 available
[2024-03-17T18:24:58.757+0000][0.046s] Memory: 15564M
[2024-03-17T18:24:58.758+0000][0.046s] Large Page Support: Disabled
[2024-03-17T18:24:58.758+0000][0.047s] NUMA Support: Disabled
[2024-03-17T18:24:58.758+0000][0.047s] Compressed Oops: Enabled (32-bit)
[2024-03-17T18:24:58.758+0000][0.047s] Heap Region Size: 1M
[2024-03-17T18:24:58.758+0000][0.047s] Heap Min Capacity: 512M
[2024-03-17T18:24:58.758+0000][0.047s] Heap Initial Capacity: 512M
[2024-03-17T18:24:58.758+0000][0.047s] Heap Max Capacity: 512M
[2024-03-17T18:24:58.758+0000][0.047s] Pre-touch: Enabled
[2024-03-17T18:24:58.759+0000][0.047s] Parallel Workers: 13
[2024-03-17T18:24:58.759+0000][0.048s] Concurrent Workers: 3
[2024-03-17T18:24:58.759+0000][0.048s] Concurrent Refinement Workers: 13
[2024-03-17T18:24:58.759+0000][0.048s] Periodic GC: Disabled
[2024-03-17T18:24:58.763+0000][0.052s] CDS archive(s) mapped at: [0x00007f0383000000-0x00007f0383a5f000-0x00007f0383a5f000), size 10874880, SharedBaseAddress: 0x00007f0383000000, ArchiveRelocationMode: 1.
[2024-03-17T18:24:58.763+0000][0.052s] Compressed class space mapped at: 0x00007f0384000000-0x00007f03c4000000, reserved size: 1073741824
[2024-03-17T18:24:58.763+0000][0.052s] Narrow klass base: 0x00007f0383000000, Narrow klass shift: 0, Narrow klass range: 0x100000000
[2024-03-17T18:24:59.415+0000][0.704s] GC(0) Pause Young (Normal) (G1 Evacuation Pause)
[2024-03-17T18:24:59.415+0000][0.704s] GC(0) Using 12 workers of 13 for evacuation
[2024-03-17T18:24:59.418+0000][0.706s] GC(0)   Pre Evacuate Collection Set: 0.2ms
[2024-03-17T18:24:59.418+0000][0.707s] GC(0)   Merge Heap Roots: 0.2ms
[2024-03-17T18:24:59.418+0000][0.707s] GC(0)   Evacuate Collection Set: 1.5ms
[2024-03-17T18:24:59.418+0000][0.707s] GC(0)   Post Evacuate Collection Set: 0.6ms
[2024-03-17T18:24:59.418+0000][0.707s] GC(0)   Other: 0.3ms
[2024-03-17T18:24:59.418+0000][0.707s] GC(0) Eden regions: 29->0(59)
[2024-03-17T18:24:59.418+0000][0.707s] GC(0) Survivor regions: 0->4(4)
[2024-03-17T18:24:59.418+0000][0.707s] GC(0) Old regions: 0->1
[2024-03-17T18:24:59.418+0000][0.707s] GC(0) Archive regions: 2->2
[2024-03-17T18:24:59.418+0000][0.707s] GC(0) Humongous regions: 0->0
[2024-03-17T18:24:59.419+0000][0.707s] GC(0) Metaspace: 9903K(10176K)->9903K(10176K) NonClass: 8692K(8832K)->8692K(8832K) Class: 1210K(1344K)->1210K(1344K)
[2024-03-17T18:24:59.419+0000][0.707s] GC(0) Pause Young (Normal) (G1 Evacuation Pause) 29M->5M(512M) 3.861ms
[2024-03-17T18:24:59.419+0000][0.708s] GC(0) User=0.01s Sys=0.00s Real=0.00s
[2024-03-17T18:25:00.221+0000][1.510s] GC(1) Pause Young (Normal) (G1 Evacuation Pause)
[2024-03-17T18:25:00.222+0000][1.511s] GC(1) Using 13 workers of 13 for evacuation
[2024-03-17T18:25:00.240+0000][1.529s] GC(1)   Pre Evacuate Collection Set: 0.1ms
[2024-03-17T18:25:00.240+0000][1.529s] GC(1)   Merge Heap Roots: 0.1ms
[2024-03-17T18:25:00.241+0000][1.529s] GC(1)   Evacuate Collection Set: 16.6ms
[2024-03-17T18:25:00.241+0000][1.530s] GC(1)   Post Evacuate Collection Set: 0.8ms
[2024-03-17T18:25:00.242+0000][1.531s] GC(1)   Other: 0.8ms
[2024-03-17T18:25:00.242+0000][1.531s] GC(1) Eden regions: 59->0(74)
[2024-03-17T18:25:00.243+0000][1.532s] GC(1) Survivor regions: 4->8(8)
[2024-03-17T18:25:00.243+0000][1.532s] GC(1) Old regions: 1->10
[2024-03-17T18:25:00.244+0000][1.533s] GC(1) Archive regions: 2->2
[2024-03-17T18:25:00.245+0000][1.533s] GC(1) Humongous regions: 4->4
[2024-03-17T18:25:00.245+0000][1.534s] GC(1) Metaspace: 18107K(18368K)->18107K(18368K) NonClass: 15890K(16064K)->15890K(16064K) Class: 2216K(2304K)->2216K(2304K)
[2024-03-17T18:25:00.245+0000][1.534s] GC(1) Pause Young (Normal) (G1 Evacuation Pause) 68M->22M(512M) 23.379ms
[2024-03-17T18:25:00.245+0000][1.534s] GC(1) User=0.01s Sys=0.01s Real=0.03s
[2024-03-17T18:25:00.667+0000][1.956s] GC(2) Pause Young (Concurrent Start) (Metadata GC Threshold)
[2024-03-17T18:25:00.667+0000][1.956s] GC(2) Using 13 workers of 13 for evacuation
[2024-03-17T18:25:00.684+0000][1.973s] GC(2)   Pre Evacuate Collection Set: 0.1ms
[2024-03-17T18:25:00.685+0000][1.973s] GC(2)   Merge Heap Roots: 0.1ms
[2024-03-17T18:25:00.685+0000][1.974s] GC(2)   Evacuate Collection Set: 16.0ms
[2024-03-17T18:25:00.685+0000][1.974s] GC(2)   Post Evacuate Collection Set: 0.8ms
[2024-03-17T18:25:00.685+0000][1.974s] GC(2)   Other: 0.6ms
[2024-03-17T18:25:00.685+0000][1.974s] GC(2) Eden regions: 26->0(118)
[2024-03-17T18:25:00.685+0000][1.974s] GC(2) Survivor regions: 8->1(10)
[2024-03-17T18:25:00.685+0000][1.974s] GC(2) Old regions: 10->18
[2024-03-17T18:25:00.685+0000][1.974s] GC(2) Archive regions: 2->2
[2024-03-17T18:25:00.686+0000][1.974s] GC(2) Humongous regions: 4->4
[2024-03-17T18:25:00.686+0000][1.975s] GC(2) Metaspace: 21233K(21504K)->21233K(21504K) NonClass: 18631K(18752K)->18631K(18752K) Class: 2601K(2752K)->2601K(2752K)
[2024-03-17T18:25:00.686+0000][1.975s] GC(2) Pause Young (Concurrent Start) (Metadata GC Threshold) 48M->23M(512M) 18.893ms
[2024-03-17T18:25:00.686+0000][1.975s] GC(2) User=0.03s Sys=0.00s Real=0.02s
[2024-03-17T18:25:00.686+0000][1.975s] GC(3) Concurrent Mark Cycle
[2024-03-17T18:25:00.686+0000][1.975s] GC(3) Concurrent Clear Claimed Marks
[2024-03-17T18:25:00.686+0000][1.975s] GC(3) Concurrent Clear Claimed Marks 0.145ms
[2024-03-17T18:25:00.686+0000][1.975s] GC(3) Concurrent Scan Root Regions
[2024-03-17T18:25:00.688+0000][1.977s] GC(3) Concurrent Scan Root Regions 1.861ms
[2024-03-17T18:25:00.689+0000][1.977s] GC(3) Concurrent Mark
[2024-03-17T18:25:00.689+0000][1.977s] GC(3) Concurrent Mark From Roots
[2024-03-17T18:25:00.689+0000][1.978s] GC(3) Using 3 workers of 3 for marking
[2024-03-17T18:25:00.694+0000][1.983s] GC(3) Concurrent Mark From Roots 5.622ms
[2024-03-17T18:25:00.694+0000][1.983s] GC(3) Concurrent Preclean
[2024-03-17T18:25:00.695+0000][1.984s] GC(3) Concurrent Preclean 0.171ms
[2024-03-17T18:25:00.697+0000][1.985s] GC(3) Pause Remark
[2024-03-17T18:25:00.700+0000][1.989s] GC(3) Pause Remark 24M->24M(512M) 3.336ms
[2024-03-17T18:25:00.700+0000][1.989s] GC(3) User=0.01s Sys=0.00s Real=0.00s
[2024-03-17T18:25:00.702+0000][1.991s] GC(3) Concurrent Mark 13.646ms
[2024-03-17T18:25:00.704+0000][1.993s] GC(3) Concurrent Rebuild Remembered Sets
[2024-03-17T18:25:00.707+0000][1.996s] GC(3) Concurrent Rebuild Remembered Sets 3.512ms
[2024-03-17T18:25:00.708+0000][1.997s] GC(3) Pause Cleanup
[2024-03-17T18:25:00.708+0000][1.997s] GC(3) Pause Cleanup 24M->24M(512M) 0.262ms
[2024-03-17T18:25:00.708+0000][1.997s] GC(3) User=0.00s Sys=0.00s Real=0.00s
[2024-03-17T18:25:00.708+0000][1.997s] GC(3) Concurrent Cleanup for Next Mark
[2024-03-17T18:25:00.709+0000][1.998s] GC(3) Concurrent Cleanup for Next Mark 0.835ms
[2024-03-17T18:25:00.712+0000][2.001s] GC(3) Concurrent Mark Cycle 26.103ms
[2024-03-17T18:25:02.764+0000][4.053s] GC(4) Pause Young (Concurrent Start) (Metadata GC Threshold)
[2024-03-17T18:25:02.764+0000][4.053s] GC(4) Using 13 workers of 13 for evacuation
[2024-03-17T18:25:02.783+0000][4.072s] GC(4)   Pre Evacuate Collection Set: 0.2ms
[2024-03-17T18:25:02.784+0000][4.073s] GC(4)   Merge Heap Roots: 0.1ms
[2024-03-17T18:25:02.784+0000][4.073s] GC(4)   Evacuate Collection Set: 14.9ms
[2024-03-17T18:25:02.785+0000][4.073s] GC(4)   Post Evacuate Collection Set: 3.4ms
[2024-03-17T18:25:02.785+0000][4.074s] GC(4)   Other: 0.6ms
[2024-03-17T18:25:02.785+0000][4.074s] GC(4) Eden regions: 92->0(300)
[2024-03-17T18:25:02.785+0000][4.074s] GC(4) Survivor regions: 1->7(15)
[2024-03-17T18:25:02.785+0000][4.074s] GC(4) Old regions: 18->18
[2024-03-17T18:25:02.785+0000][4.074s] GC(4) Archive regions: 2->2
[2024-03-17T18:25:02.786+0000][4.074s] GC(4) Humongous regions: 4->4
[2024-03-17T18:25:02.786+0000][4.075s] GC(4) Metaspace: 35577K(35968K)->35577K(35968K) NonClass: 31135K(31296K)->31135K(31296K) Class: 4442K(4672K)->4442K(4672K)
[2024-03-17T18:25:02.786+0000][4.075s] GC(4) Pause Young (Concurrent Start) (Metadata GC Threshold) 115M->29M(512M) 21.950ms
[2024-03-17T18:25:02.786+0000][4.075s] GC(4) User=0.03s Sys=0.00s Real=0.02s
[2024-03-17T18:25:02.786+0000][4.075s] GC(5) Concurrent Mark Cycle
[2024-03-17T18:25:02.787+0000][4.076s] GC(5) Concurrent Clear Claimed Marks
[2024-03-17T18:25:02.787+0000][4.076s] GC(5) Concurrent Clear Claimed Marks 0.181ms
[2024-03-17T18:25:02.787+0000][4.076s] GC(5) Concurrent Scan Root Regions
[2024-03-17T18:25:02.790+0000][4.079s] GC(5) Concurrent Scan Root Regions 2.529ms
[2024-03-17T18:25:02.794+0000][4.083s] GC(5) Concurrent Mark
[2024-03-17T18:25:02.794+0000][4.083s] GC(5) Concurrent Mark From Roots
[2024-03-17T18:25:02.794+0000][4.083s] GC(5) Using 3 workers of 3 for marking
[2024-03-17T18:25:02.815+0000][4.103s] GC(5) Concurrent Mark From Roots 20.440ms
[2024-03-17T18:25:02.815+0000][4.104s] GC(5) Concurrent Preclean
[2024-03-17T18:25:02.815+0000][4.104s] GC(5) Concurrent Preclean 0.352ms
[2024-03-17T18:25:02.816+0000][4.105s] GC(5) Pause Remark
[2024-03-17T18:25:02.819+0000][4.108s] GC(5) Pause Remark 31M->31M(512M) 3.597ms
[2024-03-17T18:25:02.820+0000][4.109s] GC(5) User=0.01s Sys=0.00s Real=0.00s
[2024-03-17T18:25:02.821+0000][4.110s] GC(5) Concurrent Mark 27.126ms
[2024-03-17T18:25:02.821+0000][4.110s] GC(5) Concurrent Rebuild Remembered Sets
[2024-03-17T18:25:02.825+0000][4.113s] GC(5) Concurrent Rebuild Remembered Sets 3.349ms
[2024-03-17T18:25:02.825+0000][4.114s] GC(5) Pause Cleanup
[2024-03-17T18:25:02.825+0000][4.114s] GC(5) Pause Cleanup 31M->31M(512M) 0.245ms
[2024-03-17T18:25:02.825+0000][4.114s] GC(5) User=0.00s Sys=0.00s Real=0.00s
[2024-03-17T18:25:02.826+0000][4.114s] GC(5) Concurrent Cleanup for Next Mark
[2024-03-17T18:25:02.827+0000][4.116s] GC(5) Concurrent Cleanup for Next Mark 1.186ms
[2024-03-17T18:25:02.827+0000][4.116s] GC(5) Concurrent Mark Cycle 40.524ms
[2024-03-17T18:29:29.309+0000][270.598s] Heap
[2024-03-17T18:29:29.310+0000][270.599s]  garbage-first heap   total 524288K, used 194583K [0x00000000e0000000, 0x0000000100000000)
[2024-03-17T18:29:29.310+0000][270.599s]   region size 1024K, 168 young (172032K), 7 survivors (7168K)
[2024-03-17T18:29:29.310+0000][270.599s]  Metaspace       used 51561K, committed 52032K, reserved 1114112K
[2024-03-17T18:29:29.310+0000][270.599s]   class space    used 6625K, committed 6912K, reserved 1048576K
