[2024-03-17T18:13:57.516+0000][0.011s] Using G1
[2024-03-17T18:13:57.549+0000][0.043s] Version: 17.0.10+7 (release)
[2024-03-17T18:13:57.549+0000][0.043s] CPUs: 16 total, 16 available
[2024-03-17T18:13:57.549+0000][0.044s] Memory: 15564M
[2024-03-17T18:13:57.550+0000][0.044s] Large Page Support: Disabled
[2024-03-17T18:13:57.550+0000][0.044s] NUMA Support: Disabled
[2024-03-17T18:13:57.550+0000][0.044s] Compressed Oops: Enabled (32-bit)
[2024-03-17T18:13:57.550+0000][0.044s] Heap Region Size: 1M
[2024-03-17T18:13:57.550+0000][0.044s] Heap Min Capacity: 512M
[2024-03-17T18:13:57.550+0000][0.044s] Heap Initial Capacity: 512M
[2024-03-17T18:13:57.550+0000][0.045s] Heap Max Capacity: 512M
[2024-03-17T18:13:57.550+0000][0.045s] Pre-touch: Enabled
[2024-03-17T18:13:57.551+0000][0.045s] Parallel Workers: 13
[2024-03-17T18:13:57.551+0000][0.045s] Concurrent Workers: 3
[2024-03-17T18:13:57.551+0000][0.045s] Concurrent Refinement Workers: 13
[2024-03-17T18:13:57.551+0000][0.045s] Periodic GC: Disabled
[2024-03-17T18:13:57.554+0000][0.049s] CDS archive(s) mapped at: [0x00007f77ff000000-0x00007f77ffa5f000-0x00007f77ffa5f000), size 10874880, SharedBaseAddress: 0x00007f77ff000000, ArchiveRelocationMode: 1.
[2024-03-17T18:13:57.555+0000][0.049s] Compressed class space mapped at: 0x00007f7800000000-0x00007f7840000000, reserved size: 1073741824
[2024-03-17T18:13:57.555+0000][0.049s] Narrow klass base: 0x00007f77ff000000, Narrow klass shift: 0, Narrow klass range: 0x100000000
[2024-03-17T18:13:58.279+0000][0.773s] GC(0) Pause Young (Normal) (G1 Evacuation Pause)
[2024-03-17T18:13:58.279+0000][0.774s] GC(0) Using 12 workers of 13 for evacuation
[2024-03-17T18:13:58.283+0000][0.777s] GC(0)   Pre Evacuate Collection Set: 0.1ms
[2024-03-17T18:13:58.283+0000][0.777s] GC(0)   Merge Heap Roots: 0.1ms
[2024-03-17T18:13:58.283+0000][0.777s] GC(0)   Evacuate Collection Set: 2.5ms
[2024-03-17T18:13:58.283+0000][0.778s] GC(0)   Post Evacuate Collection Set: 0.6ms
[2024-03-17T18:13:58.283+0000][0.778s] GC(0)   Other: 0.4ms
[2024-03-17T18:13:58.283+0000][0.778s] GC(0) Eden regions: 29->0(59)
[2024-03-17T18:13:58.284+0000][0.778s] GC(0) Survivor regions: 0->4(4)
[2024-03-17T18:13:58.284+0000][0.778s] GC(0) Old regions: 0->1
[2024-03-17T18:13:58.284+0000][0.778s] GC(0) Archive regions: 2->2
[2024-03-17T18:13:58.284+0000][0.778s] GC(0) Humongous regions: 0->0
[2024-03-17T18:13:58.284+0000][0.778s] GC(0) Metaspace: 9902K(10176K)->9902K(10176K) NonClass: 8691K(8832K)->8691K(8832K) Class: 1211K(1344K)->1211K(1344K)
[2024-03-17T18:13:58.284+0000][0.778s] GC(0) Pause Young (Normal) (G1 Evacuation Pause) 29M->4M(512M) 5.031ms
[2024-03-17T18:13:58.284+0000][0.778s] GC(0) User=0.01s Sys=0.00s Real=0.01s
[2024-03-17T18:13:58.990+0000][1.484s] GC(1) Pause Young (Normal) (G1 Evacuation Pause)
[2024-03-17T18:13:58.990+0000][1.484s] GC(1) Using 13 workers of 13 for evacuation
[2024-03-17T18:13:58.997+0000][1.491s] GC(1)   Pre Evacuate Collection Set: 0.1ms
[2024-03-17T18:13:58.997+0000][1.491s] GC(1)   Merge Heap Roots: 0.1ms
[2024-03-17T18:13:58.997+0000][1.491s] GC(1)   Evacuate Collection Set: 5.7ms
[2024-03-17T18:13:58.997+0000][1.491s] GC(1)   Post Evacuate Collection Set: 0.7ms
[2024-03-17T18:13:58.997+0000][1.492s] GC(1)   Other: 0.4ms
[2024-03-17T18:13:58.997+0000][1.492s] GC(1) Eden regions: 59->0(74)
[2024-03-17T18:13:58.998+0000][1.492s] GC(1) Survivor regions: 4->8(8)
[2024-03-17T18:13:58.998+0000][1.492s] GC(1) Old regions: 1->10
[2024-03-17T18:13:58.998+0000][1.492s] GC(1) Archive regions: 2->2
[2024-03-17T18:13:58.998+0000][1.492s] GC(1) Humongous regions: 4->4
[2024-03-17T18:13:58.998+0000][1.492s] GC(1) Metaspace: 18147K(18432K)->18147K(18432K) NonClass: 15930K(16128K)->15930K(16128K) Class: 2217K(2304K)->2217K(2304K)
[2024-03-17T18:13:58.998+0000][1.492s] GC(1) Pause Young (Normal) (G1 Evacuation Pause) 67M->22M(512M) 8.244ms
[2024-03-17T18:13:58.998+0000][1.492s] GC(1) User=0.03s Sys=0.00s Real=0.01s
[2024-03-17T18:13:59.299+0000][1.793s] GC(2) Pause Young (Concurrent Start) (Metadata GC Threshold)
[2024-03-17T18:13:59.299+0000][1.793s] GC(2) Using 13 workers of 13 for evacuation
[2024-03-17T18:13:59.303+0000][1.797s] GC(2)   Pre Evacuate Collection Set: 0.2ms
[2024-03-17T18:13:59.303+0000][1.798s] GC(2)   Merge Heap Roots: 0.1ms
[2024-03-17T18:13:59.304+0000][1.798s] GC(2)   Evacuate Collection Set: 3.2ms
[2024-03-17T18:13:59.304+0000][1.798s] GC(2)   Post Evacuate Collection Set: 0.7ms
[2024-03-17T18:13:59.304+0000][1.798s] GC(2)   Other: 0.6ms
[2024-03-17T18:13:59.304+0000][1.798s] GC(2) Eden regions: 27->0(117)
[2024-03-17T18:13:59.304+0000][1.798s] GC(2) Survivor regions: 8->2(10)
[2024-03-17T18:13:59.304+0000][1.798s] GC(2) Old regions: 10->18
[2024-03-17T18:13:59.304+0000][1.798s] GC(2) Archive regions: 2->2
[2024-03-17T18:13:59.304+0000][1.799s] GC(2) Humongous regions: 4->4
[2024-03-17T18:13:59.304+0000][1.799s] GC(2) Metaspace: 21246K(21504K)->21246K(21504K) NonClass: 18643K(18752K)->18643K(18752K) Class: 2602K(2752K)->2602K(2752K)
[2024-03-17T18:13:59.305+0000][1.799s] GC(2) Pause Young (Concurrent Start) (Metadata GC Threshold) 48M->23M(512M) 5.986ms
[2024-03-17T18:13:59.305+0000][1.799s] GC(2) User=0.01s Sys=0.01s Real=0.01s
[2024-03-17T18:13:59.305+0000][1.799s] GC(3) Concurrent Mark Cycle
[2024-03-17T18:13:59.305+0000][1.799s] GC(3) Concurrent Clear Claimed Marks
[2024-03-17T18:13:59.305+0000][1.799s] GC(3) Concurrent Clear Claimed Marks 0.156ms
[2024-03-17T18:13:59.305+0000][1.799s] GC(3) Concurrent Scan Root Regions
[2024-03-17T18:13:59.307+0000][1.801s] GC(3) Concurrent Scan Root Regions 1.649ms
[2024-03-17T18:13:59.307+0000][1.801s] GC(3) Concurrent Mark
[2024-03-17T18:13:59.307+0000][1.801s] GC(3) Concurrent Mark From Roots
[2024-03-17T18:13:59.307+0000][1.802s] GC(3) Using 3 workers of 3 for marking
[2024-03-17T18:13:59.313+0000][1.808s] GC(3) Concurrent Mark From Roots 6.314ms
[2024-03-17T18:13:59.314+0000][1.808s] GC(3) Concurrent Preclean
[2024-03-17T18:13:59.314+0000][1.808s] GC(3) Concurrent Preclean 0.155ms
[2024-03-17T18:13:59.314+0000][1.808s] GC(3) Pause Remark
[2024-03-17T18:13:59.320+0000][1.815s] GC(3) Pause Remark 24M->24M(512M) 6.131ms
[2024-03-17T18:13:59.321+0000][1.815s] GC(3) User=0.00s Sys=0.00s Real=0.00s
[2024-03-17T18:13:59.322+0000][1.816s] GC(3) Concurrent Mark 15.100ms
[2024-03-17T18:13:59.322+0000][1.817s] GC(3) Concurrent Rebuild Remembered Sets
[2024-03-17T18:13:59.322+0000][1.817s] GC(3) Concurrent Rebuild Remembered Sets 0.089ms
[2024-03-17T18:13:59.323+0000][1.817s] GC(3) Pause Cleanup
[2024-03-17T18:13:59.323+0000][1.817s] GC(3) Pause Cleanup 24M->24M(512M) 0.101ms
[2024-03-17T18:13:59.323+0000][1.817s] GC(3) User=0.00s Sys=0.00s Real=0.00s
[2024-03-17T18:13:59.323+0000][1.817s] GC(3) Concurrent Cleanup for Next Mark
[2024-03-17T18:13:59.324+0000][1.818s] GC(3) Concurrent Cleanup for Next Mark 0.473ms
[2024-03-17T18:13:59.324+0000][1.818s] GC(3) Concurrent Mark Cycle 18.971ms
[2024-03-17T18:14:00.758+0000][3.252s] GC(4) Pause Young (Concurrent Start) (Metadata GC Threshold)
[2024-03-17T18:14:00.759+0000][3.253s] GC(4) Using 13 workers of 13 for evacuation
[2024-03-17T18:14:00.769+0000][3.264s] GC(4)   Pre Evacuate Collection Set: 0.1ms
[2024-03-17T18:14:00.770+0000][3.264s] GC(4)   Merge Heap Roots: 0.1ms
[2024-03-17T18:14:00.770+0000][3.264s] GC(4)   Evacuate Collection Set: 8.2ms
[2024-03-17T18:14:00.770+0000][3.264s] GC(4)   Post Evacuate Collection Set: 1.6ms
[2024-03-17T18:14:00.770+0000][3.264s] GC(4)   Other: 1.3ms
[2024-03-17T18:14:00.770+0000][3.264s] GC(4) Eden regions: 117->0(300)
[2024-03-17T18:14:00.770+0000][3.264s] GC(4) Survivor regions: 2->7(15)
[2024-03-17T18:14:00.770+0000][3.265s] GC(4) Old regions: 18->18
[2024-03-17T18:14:00.770+0000][3.265s] GC(4) Archive regions: 2->2
[2024-03-17T18:14:00.771+0000][3.265s] GC(4) Humongous regions: 4->4
[2024-03-17T18:14:00.771+0000][3.265s] GC(4) Metaspace: 35772K(36160K)->35772K(36160K) NonClass: 31307K(31488K)->31307K(31488K) Class: 4465K(4672K)->4465K(4672K)
[2024-03-17T18:14:00.771+0000][3.265s] GC(4) Pause Young (Concurrent Start) (Metadata GC Threshold) 140M->29M(512M) 12.823ms
[2024-03-17T18:14:00.771+0000][3.265s] GC(4) User=0.03s Sys=0.00s Real=0.01s
[2024-03-17T18:14:00.771+0000][3.266s] GC(5) Concurrent Mark Cycle
[2024-03-17T18:14:00.771+0000][3.266s] GC(5) Concurrent Clear Claimed Marks
[2024-03-17T18:14:00.772+0000][3.266s] GC(5) Concurrent Clear Claimed Marks 0.167ms
[2024-03-17T18:14:00.772+0000][3.266s] GC(5) Concurrent Scan Root Regions
[2024-03-17T18:14:00.774+0000][3.268s] GC(5) Concurrent Scan Root Regions 1.862ms
[2024-03-17T18:14:00.774+0000][3.268s] GC(5) Concurrent Mark
[2024-03-17T18:14:00.774+0000][3.268s] GC(5) Concurrent Mark From Roots
[2024-03-17T18:14:00.774+0000][3.268s] GC(5) Using 3 workers of 3 for marking
[2024-03-17T18:14:00.781+0000][3.276s] GC(5) Concurrent Mark From Roots 7.337ms
[2024-03-17T18:14:00.782+0000][3.276s] GC(5) Concurrent Preclean
[2024-03-17T18:14:00.782+0000][3.276s] GC(5) Concurrent Preclean 0.246ms
[2024-03-17T18:14:00.785+0000][3.280s] GC(5) Pause Remark
[2024-03-17T18:14:00.790+0000][3.284s] GC(5) Pause Remark 30M->30M(512M) 4.349ms
[2024-03-17T18:14:00.790+0000][3.284s] GC(5) User=0.01s Sys=0.00s Real=0.00s
[2024-03-17T18:14:00.790+0000][3.284s] GC(5) Concurrent Mark 16.402ms
[2024-03-17T18:14:00.790+0000][3.285s] GC(5) Concurrent Rebuild Remembered Sets
[2024-03-17T18:14:00.796+0000][3.290s] GC(5) Concurrent Rebuild Remembered Sets 5.304ms
[2024-03-17T18:14:00.796+0000][3.291s] GC(5) Pause Cleanup
[2024-03-17T18:14:00.797+0000][3.291s] GC(5) Pause Cleanup 30M->30M(512M) 0.257ms
[2024-03-17T18:14:00.797+0000][3.291s] GC(5) User=0.00s Sys=0.00s Real=0.00s
[2024-03-17T18:14:00.797+0000][3.291s] GC(5) Concurrent Cleanup for Next Mark
[2024-03-17T18:14:00.797+0000][3.292s] GC(5) Concurrent Cleanup for Next Mark 0.534ms
[2024-03-17T18:14:00.798+0000][3.292s] GC(5) Concurrent Mark Cycle 26.303ms
[2024-03-17T18:23:51.574+0000][594.069s] Heap
[2024-03-17T18:23:51.574+0000][594.069s]  garbage-first heap   total 524288K, used 192467K [0x00000000e0000000, 0x0000000100000000)
[2024-03-17T18:23:51.574+0000][594.069s]   region size 1024K, 166 young (169984K), 7 survivors (7168K)
[2024-03-17T18:23:51.575+0000][594.069s]  Metaspace       used 51607K, committed 52160K, reserved 1114112K
[2024-03-17T18:23:51.575+0000][594.069s]   class space    used 6623K, committed 6912K, reserved 1048576K
